// Jest Snapshot v1, https://jestjs.io/docs/snapshot-testing

exports[`Pruebas en <GifItem /> debe de hacer match conn el snapshot 1`] = `
<div>
  <div
    class="card"
  >
    <img
      alt="Saitama"
      src="http://site.imagen.jpg"
    />
    <p>
      Saitama
    </p>
  </div>
</div>
`;
